
[1m[30m[46m RUN [49m[39m[22m [36mv4.1.11 [39m[90m/app/applet[39m

 [32m✓[39m src/__tests__/AssetsLiabilitiesLedger.test.tsx [2m([22m[2m10 tests[22m[2m)[22m[33m 2292[2mms[22m[39m
     [33m[2m✓[22m[39m allows toggling item exclusion and breakdown view [33m 328[2mms[22m[39m
     [33m[2m✓[22m[39m supports item selection and bulk delete operations [33m 715[2mms[22m[39m
 [32m✓[39m src/__tests__/App.test.tsx [2m([22m[2m9 tests[22m[2m)[22m[33m 2035[2mms[22m[39m
     [33m[2m✓[22m[39m renders without crashing and can interact with modals [33m 523[2mms[22m[39m
     [33m[2m✓[22m[39m can delete an item [33m 351[2mms[22m[39m
 [32m✓[39m src/__tests__/smoke_e2e_portfolio_flow.test.tsx [2m([22m[2m3 tests[22m[2m)[22m[33m 1015[2mms[22m[39m
     [33m[2m✓[22m[39m smoke tests opening Manage Portfolios and creating a new portfolio file [33m 716[2mms[22m[39m
 [32m✓[39m src/__tests__/AddItemModal.test.tsx [2m([22m[2m9 tests[22m[2m)[22m[33m 1054[2mms[22m[39m
 [32m✓[39m src/__tests__/AuthModal.test.tsx [2m([22m[2m6 tests[22m[2m)[22m[33m 603[2mms[22m[39m
 [32m✓[39m src/__tests__/AddItemModal_validation.test.tsx [2m([22m[2m3 tests[22m[2m)[22m[33m 581[2mms[22m[39m
     [33m[2m✓[22m[39m renders modal when open and allows switching between Asset, Liability, and Insurance [33m 435[2mms[22m[39m
 [32m✓[39m src/__tests__/ManageFilesModal.test.tsx [2m([22m[2m5 tests[22m[2m)[22m[33m 844[2mms[22m[39m
     [33m[2m✓[22m[39m allows creating a new portfolio file [33m 444[2mms[22m[39m
 [32m✓[39m src/__tests__/ImportModal.test.tsx [2m([22m[2m10 tests[22m[2m)[22m[33m 658[2mms[22m[39m
 [32m✓[39m src/__tests__/smoke_modals_lifecycle.test.tsx [2m([22m[2m3 tests[22m[2m)[22m[33m 597[2mms[22m[39m
     [33m[2m✓[22m[39m smoke tests AuthModal login/signup toggle and submit flow [33m 381[2mms[22m[39m
 [32m✓[39m src/__tests__/AllocationChart.test.tsx [2m([22m[2m3 tests[22m[2m)[22m[33m 514[2mms[22m[39m
     [33m[2m✓[22m[39m renders correctly and allows view mode switching [33m 446[2mms[22m[39m
 [32m✓[39m src/__tests__/ReportPreviewModal.test.tsx [2m([22m[2m4 tests[22m[2m)[22m[33m 545[2mms[22m[39m
 [32m✓[39m src/__tests__/AssetsLiabilitiesLedger_features.test.tsx [2m([22m[2m4 tests[22m[2m)[22m[33m 490[2mms[22m[39m
 [32m✓[39m src/__tests__/SettingsModal_interactions.test.tsx [2m([22m[2m3 tests[22m[2m)[22m[33m 431[2mms[22m[39m
 [32m✓[39m src/__tests__/SettingsModal.test.tsx [2m([22m[2m5 tests[22m[2m)[22m[33m 464[2mms[22m[39m
 [32m✓[39m src/__tests__/Header.test.tsx [2m([22m[2m3 tests[22m[2m)[22m[33m 417[2mms[22m[39m
 [32m✓[39m src/__tests__/VaultLockScreen.test.tsx [2m([22m[2m7 tests[22m[2m)[22m[33m 478[2mms[22m[39m
[90mstderr[2m | src/__tests__/AuthModal_functions.test.tsx[2m > [22m[2mAuthModal functions[2m > [22m[2mdisplays error if Google auth fails with unauthorized domain
[22m[39mGoogle auth error: { code: [32m'auth/unauthorized-domain'[39m }

 [32m✓[39m src/__tests__/AuthModal_functions.test.tsx [2m([22m[2m5 tests[22m[2m)[22m[33m 351[2mms[22m[39m
 [32m✓[39m src/__tests__/ManageFilesModal_interactions.test.tsx [2m([22m[2m4 tests[22m[2m)[22m[32m 295[2mms[22m[39m
 [32m✓[39m src/__tests__/KPICards.test.tsx [2m([22m[2m3 tests[22m[2m)[22m[32m 174[2mms[22m[39m
 [32m✓[39m src/__tests__/ColumnMapperModal.test.tsx [2m([22m[2m3 tests[22m[2m)[22m[32m 266[2mms[22m[39m
 [32m✓[39m src/__tests__/ImportModal_functions.test.tsx [2m([22m[2m1 test[22m[2m)[22m[32m 216[2mms[22m[39m
[90mstderr[2m | src/__tests__/NetWorthChart.test.tsx[2m > [22m[2mNetWorthChart[2m > [22m[2mrenders correctly
[22m[39mThe tag <stop> is unrecognized in this browser. If you meant to render a React component, start its name with an uppercase letter.
<linearGradient /> is using incorrect casing. Use PascalCase for React components, or lowercase for HTML elements.
The tag <linearGradient> is unrecognized in this browser. If you meant to render a React component, start its name with an uppercase letter.
The tag <defs> is unrecognized in this browser. If you meant to render a React component, start its name with an uppercase letter.

[90mstderr[2m | src/__tests__/NetWorthChart.test.tsx[2m > [22m[2mNetWorthChart[2m > [22m[2mrespects the privacy blur prop
[22m[39m<linearGradient /> is using incorrect casing. Use PascalCase for React components, or lowercase for HTML elements.

[90mstderr[2m | src/__tests__/NetWorthChart.test.tsx[2m > [22m[2mNetWorthChart[2m > [22m[2mhandles empty historical state correctly
[22m[39m<linearGradient /> is using incorrect casing. Use PascalCase for React components, or lowercase for HTML elements.

[90mstderr[2m | src/__tests__/NetWorthChart.test.tsx[2m > [22m[2mcan toggle timeframe and chart modes
[22m[39m<linearGradient /> is using incorrect casing. Use PascalCase for React components, or lowercase for HTML elements.
An update to NetWorthChart inside a test was not wrapped in act(...).

When testing, code that causes React state updates should be wrapped into act(...):

act(() => {
  /* fire events that update state */
});
/* assert on the output */

This ensures that you're testing the behavior the user would see in the browser. Learn more at https://react.dev/link/wrap-tests-with-act
An update to NetWorthChart inside a test was not wrapped in act(...).

When testing, code that causes React state updates should be wrapped into act(...):

act(() => {
  /* fire events that update state */
});
/* assert on the output */

This ensures that you're testing the behavior the user would see in the browser. Learn more at https://react.dev/link/wrap-tests-with-act
An update to NetWorthChart inside a test was not wrapped in act(...).

When testing, code that causes React state updates should be wrapped into act(...):

act(() => {
  /* fire events that update state */
});
/* assert on the output */

This ensures that you're testing the behavior the user would see in the browser. Learn more at https://react.dev/link/wrap-tests-with-act
<linearGradient /> is using incorrect casing. Use PascalCase for React components, or lowercase for HTML elements.

 [32m✓[39m src/__tests__/NetWorthChart.test.tsx [2m([22m[2m4 tests[22m[2m)[22m[32m 128[2mms[22m[39m
[90mstderr[2m | src/__tests__/currency.test.ts[2m > [22m[2mcurrency utilities[2m > [22m[2mfetchLiveExchangeRates[2m > [22m[2mfalls back to default rates if network fails
[22m[39mFailed to fetch live FX rates from backend API, falling back to client fetch Error: Network error
    at [90m/app/applet/[39msrc/__tests__/currency.test.ts:84:56
    at [90mfile:///app/applet/[39mnode_modules/[4m@vitest/runner[24m/dist/chunk-artifact.js:302:11
    at [90mfile:///app/applet/[39mnode_modules/[4m@vitest/runner[24m/dist/chunk-artifact.js:1903:26
    at [90mfile:///app/applet/[39mnode_modules/[4m@vitest/runner[24m/dist/chunk-artifact.js:2326:20
    at new Promise (<anonymous>)
    at runWithCancel [90m(file:///app/applet/[39mnode_modules/[4m@vitest/runner[24m/dist/chunk-artifact.js:2323:10[90m)[39m
    at [90mfile:///app/applet/[39mnode_modules/[4m@vitest/runner[24m/dist/chunk-artifact.js:2305:20
    at new Promise (<anonymous>)
    at runWithTimeout [90m(file:///app/applet/[39mnode_modules/[4m@vitest/runner[24m/dist/chunk-artifact.js:2272:10[90m)[39m
    at [90mfile:///app/applet/[39mnode_modules/[4m@vitest/runner[24m/dist/chunk-artifact.js:2956:64

[90mstderr[2m | src/__tests__/currency.test.ts[2m > [22m[2mcurrency utilities[2m > [22m[2mfetchLiveExchangeRates[2m > [22m[2mfalls back to default rates if network fails
[22m[39mDirect FX API fetch failed, using default rates Error: Network error
    at [90m/app/applet/[39msrc/__tests__/currency.test.ts:84:56
    at [90mfile:///app/applet/[39mnode_modules/[4m@vitest/runner[24m/dist/chunk-artifact.js:302:11
    at [90mfile:///app/applet/[39mnode_modules/[4m@vitest/runner[24m/dist/chunk-artifact.js:1903:26
    at [90mfile:///app/applet/[39mnode_modules/[4m@vitest/runner[24m/dist/chunk-artifact.js:2326:20
    at new Promise (<anonymous>)
    at runWithCancel [90m(file:///app/applet/[39mnode_modules/[4m@vitest/runner[24m/dist/chunk-artifact.js:2323:10[90m)[39m
    at [90mfile:///app/applet/[39mnode_modules/[4m@vitest/runner[24m/dist/chunk-artifact.js:2305:20
    at new Promise (<anonymous>)
    at runWithTimeout [90m(file:///app/applet/[39mnode_modules/[4m@vitest/runner[24m/dist/chunk-artifact.js:2272:10[90m)[39m
    at [90mfile:///app/applet/[39mnode_modules/[4m@vitest/runner[24m/dist/chunk-artifact.js:2956:64

 [32m✓[39m src/__tests__/currency.test.ts [2m([22m[2m13 tests[22m[2m)[22m[32m 42[2mms[22m[39m
 [32m✓[39m src/__tests__/useInactivityTimeout.test.tsx [2m([22m[2m3 tests[22m[2m)[22m[32m 46[2mms[22m[39m
 [32m✓[39m src/__tests__/formatters_extended.test.ts [2m([22m[2m11 tests[22m[2m)[22m[32m 42[2mms[22m[39m
 [32m✓[39m src/__tests__/smoke_financial_engine.test.ts [2m([22m[2m4 tests[22m[2m)[22m[32m 66[2mms[22m[39m
 [32m✓[39m src/__tests__/excelParser.test.ts [2m([22m[2m26 tests[22m[2m)[22m[32m 30[2mms[22m[39m
[90mstderr[2m | src/__tests__/geminiCategoryService.test.ts[2m > [22m[2mgeminiCategoryService[2m > [22m[2mfalls back to local heuristic matching if API fetch fails
[22m[39mGemini API category suggestion endpoint failed, using local heuristic fallback: Error: Network error
    at [90m/app/applet/[39msrc/__tests__/geminiCategoryService.test.ts:50:46
    at [90mfile:///app/applet/[39mnode_modules/[4m@vitest/runner[24m/dist/chunk-artifact.js:302:11
    at [90mfile:///app/applet/[39mnode_modules/[4m@vitest/runner[24m/dist/chunk-artifact.js:1903:26
    at [90mfile:///app/applet/[39mnode_modules/[4m@vitest/runner[24m/dist/chunk-artifact.js:2326:20
    at new Promise (<anonymous>)
    at runWithCancel [90m(file:///app/applet/[39mnode_modules/[4m@vitest/runner[24m/dist/chunk-artifact.js:2323:10[90m)[39m
    at [90mfile:///app/applet/[39mnode_modules/[4m@vitest/runner[24m/dist/chunk-artifact.js:2305:20
    at new Promise (<anonymous>)
    at runWithTimeout [90m(file:///app/applet/[39mnode_modules/[4m@vitest/runner[24m/dist/chunk-artifact.js:2272:10[90m)[39m
    at [90mfile:///app/applet/[39mnode_modules/[4m@vitest/runner[24m/dist/chunk-artifact.js:2956:64

[90mstderr[2m | src/__tests__/geminiCategoryService.test.ts[2m > [22m[2mgeminiCategoryService[2m > [22m[2mhandles non-ok response and parses error correctly
[22m[39mGemini API category suggestion endpoint failed, using local heuristic fallback: Error: Bad Request
    at Module.suggestCategoriesWithGemini [90m(/app/applet/[39msrc/utils/geminiCategoryService.ts:75:13[90m)[39m
[90m    at processTicksAndRejections (node:internal/process/task_queues:103:5)[39m
    at [90m/app/applet/[39msrc/__tests__/geminiCategoryService.test.ts:107:17
    at [90mfile:///app/applet/[39mnode_modules/[4m@vitest/runner[24m/dist/chunk-artifact.js:1903:20

[90mstderr[2m | src/__tests__/geminiCategoryService.test.ts[2m > [22m[2mgeminiCategoryService[2m > [22m[2mhandles non-ok response with invalid JSON
[22m[39mGemini API category suggestion endpoint failed, using local heuristic fallback: Error: Server returned status 500
    at Module.suggestCategoriesWithGemini [90m(/app/applet/[39msrc/utils/geminiCategoryService.ts:75:13[90m)[39m
[90m    at processTicksAndRejections (node:internal/process/task_queues:103:5)[39m
    at [90m/app/applet/[39msrc/__tests__/geminiCategoryService.test.ts:120:17
    at [90mfile:///app/applet/[39mnode_modules/[4m@vitest/runner[24m/dist/chunk-artifact.js:1903:20

[90mstderr[2m | src/__tests__/geminiCategoryService.test.ts[2m > [22m[2mgeminiCategoryService[2m > [22m[2mfalls back to default category if heuristics do not match
[22m[39mGemini API category suggestion endpoint failed, using local heuristic fallback: Error: Network error
    at [90m/app/applet/[39msrc/__tests__/geminiCategoryService.test.ts:125:46
    at [90mfile:///app/applet/[39mnode_modules/[4m@vitest/runner[24m/dist/chunk-artifact.js:302:11
    at [90mfile:///app/applet/[39mnode_modules/[4m@vitest/runner[24m/dist/chunk-artifact.js:1903:26
    at [90mfile:///app/applet/[39mnode_modules/[4m@vitest/runner[24m/dist/chunk-artifact.js:2326:20
    at new Promise (<anonymous>)
    at runWithCancel [90m(file:///app/applet/[39mnode_modules/[4m@vitest/runner[24m/dist/chunk-artifact.js:2323:10[90m)[39m
    at [90mfile:///app/applet/[39mnode_modules/[4m@vitest/runner[24m/dist/chunk-artifact.js:2305:20
    at new Promise (<anonymous>)
    at runWithTimeout [90m(file:///app/applet/[39mnode_modules/[4m@vitest/runner[24m/dist/chunk-artifact.js:2272:10[90m)[39m
    at [90mfile:///app/applet/[39mnode_modules/[4m@vitest/runner[24m/dist/chunk-artifact.js:2956:64

 [32m✓[39m src/__tests__/geminiCategoryService.test.ts [2m([22m[2m8 tests[22m[2m)[22m[32m 30[2mms[22m[39m
 [32m✓[39m src/__tests__/formatters.test.ts [2m([22m[2m5 tests[22m[2m)[22m[32m 26[2mms[22m[39m
 [32m✓[39m src/__tests__/itemHelpers.test.ts [2m([22m[2m4 tests[22m[2m)[22m[32m 19[2mms[22m[39m
 [32m✓[39m src/__tests__/itemHelpers_extended.test.ts [2m([22m[2m8 tests[22m[2m)[22m[32m 56[2mms[22m[39m
 [32m✓[39m src/__tests__/excelParser_multisection.test.ts [2m([22m[2m4 tests[22m[2m)[22m[32m 20[2mms[22m[39m
 [32m✓[39m src/__tests__/secureStorage.test.ts [2m([22m[2m5 tests[22m[2m)[22m[32m 18[2mms[22m[39m
 [32m✓[39m src/__tests__/aiCategorySuggester.test.ts [2m([22m[2m21 tests[22m[2m)[22m[32m 21[2mms[22m[39m
 [32m✓[39m src/__tests__/firebase.test.ts [2m([22m[2m6 tests[22m[2m)[22m[32m 12[2mms[22m[39m
 [32m✓[39m src/__tests__/samplePortfolios.test.ts [2m([22m[2m3 tests[22m[2m)[22m[32m 15[2mms[22m[39m

[2m Test Files [22m [1m[32m36 passed[39m[22m[90m (36)[39m
[2m      Tests [22m [1m[32m228 passed[39m[22m[90m (228)[39m
[2m   Start at [22m 22:13:39
[2m   Duration [22m 116.41s[2m (transform 1.58s, setup 10.94s, import 12.13s, tests 14.90s, environment 64.27s)[22m

